// Jest Snapshot v1, https://goo.gl/fbAQLP

exports[`Layout is renders component 1`] = `
.emotion-0 {
  text-align: center;
}

<div>
  <div
    class="emotion-0"
  />
</div>
`;

exports[`Layout renders component 1`] = `
.emotion-0 {
  text-align: center;
}

<div>
  <div
    class="emotion-0"
  />
</div>
`;

exports[`renders component 1`] = `
.emotion-0 {
  text-align: center;
}

<div>
  <div
    class="emotion-0"
  />
</div>
`;
